[2026-07-14 16:22:44] > fastfetch
[2026-07-14 16:22:44] [OUT]                                           lordz@zxhx1win
[2026-07-14 16:22:44] [OUT]                                           --------------
[2026-07-14 16:22:44] [OUT]      qr''```^^^""",,:;Il!i><~__Yq         OS: Windows 11 Pro (25H2) x86_64
[2026-07-14 16:22:44] [OUT]    ''''```^^^""",,:;Il!i><~_--?[[{1       Kernel: WIN32_NT 10.0.26200.8655
[2026-07-14 16:22:44] [OUT]  q'''```^^^""",,:;Il!i><~+-??]}{1)(|q     Uptime: 19 mins
[2026-07-14 16:22:44] [OUT] q''```^^^,  (+:;Il!i><~+_?{  u|)(|\/tq    Shell: CMD 10.0.26100.8521
[2026-07-14 16:22:44] [OUT] |```^^^":    Y{l!i><~+-??;    Of\/tfjJ    Display (HISENSE-TV): 1920x1080, 60 Hz [External]
[2026-07-14 16:22:44] [OUT] ``^^^"""l    U)i><~+-?][1    wLttfjrxn    WM: Desktop Window Manager 10.0.26100.8521
[2026-07-14 16:22:44] [OUT] ^^^""",,i    J(<~+_-?[}{\    pCfjrxnuv    WM Theme: Custom - Blue (System: Dark, Apps: Dark)
[2026-07-14 16:22:44] [OUT] ^""",,:;~    C(+--?[}{1)f    dJrxnuvcz    Theme: Fluent
[2026-07-14 16:22:44] [OUT] "",,:;Il-    L|??]}1|txr     bLnuvczXY    Icons: Recycle Bin
[2026-07-14 16:22:44] [OUT] ,,:;Il!i[                    kLvczXYUJ    Font: Segoe UI (12pt) [Caption / Menu / Message / Status]
[2026-07-14 16:22:44] [OUT] :;Il!i><{                    hLzXYUJCL    Cursor: Windows Aero (32px)
[2026-07-14 16:22:44] [OUT] Il!i><~_|    ZmmZ0LJXcvuU    aQYUJCLQ0    Terminal: AutoHotkey64 2.1.0.0
[2026-07-14 16:22:44] [OUT] !i><~+_-'    0t|\/tfjrxnU    oOJCLQ0Om    CPU: AMD Ryzen 5 5500 (12) @ 4.25 GHz
[2026-07-14 16:22:44] [OUT] ><~+_??]     Qt/tfjrxnuvJ    *qLQOOZmw    GPU: NVIDIA GeForce RTX 2060 @ 2.10 GHz (5.81 GiB) [Discrete]
[2026-07-14 16:22:44] [OUT] X_-??]}{    ZLffjrxnuvczC    #b0OZmwwq    Memory: 7.04 GiB / 15.80 GiB (45%)
[2026-07-14 16:22:44] [OUT] q?]]}{1)c   pJjrxnuvczXYCb  ##pZmwwqpq    Swap: 684.80 MiB / 1.38 GiB (49%)
[2026-07-14 16:22:44] [OUT]  q}{1)(|\tnurrxnuvczXYJJCLOwwmmwwqppq     Disk (C:\): 80.30 GiB / 194.20 GiB (41%) - NTFS
[2026-07-14 16:22:44] [OUT]    )(|\/tfjrxnuvczXYUJCLQ0OZmwwqppp       Disk (D:\): 446.17 GiB / 465.76 GiB (96%) - NTFS
[2026-07-14 16:22:44] [OUT]      ZqfjrxnuvczXYUJCLQOOZmwwqpqq         Local IP (Ethernet): 192.168.0.208/24
[2026-07-14 16:22:44] [OUT]                                           Locale: en-US
[2026-07-14 16:22:44] [OUT]                                           
[2026-07-14 16:22:44] [OUT]                                           [40m   [41m   [42m   [43m   [44m   [45m   [46m   [47m   [m
[2026-07-14 16:22:44] [OUT]                                           [100m   [101m   [102m   [103m   [104m   [105m   [106m   [107m   [m
